https://www.howtoforge.com/tutorial/install-git-and-github-on-ubuntu-14.04/


steve@ubuntu:~$ git config --global user.name "sborch"
steve@ubuntu:~$ git config --global user.email "steve.borcherding@gmail.com"


steve@ubuntu:~$ git init pyspark-learning-2
Initialized empty Git repository in /home/steve/pyspark-learning-2/.git/


steve@ubuntu:~$  cd pyspark-learning-2


steve@ubuntu:~/pyspark-learning-2$ ls
test_org_01_parse_cmt_data.csv  test_org_02_ult_survr_data.csv
test_org_01_parse_cmt.py        test_org_02_ult_survr.py

steve@ubuntu:~/pyspark-learning-2$ git add test_org_01_parse_cmt.py
steve@ubuntu:~/pyspark-learning-2$ git add test_org_01_parse_cmt_data.csv
steve@ubuntu:~/pyspark-learning-2$ git add test_org_02_ult_survr.py
steve@ubuntu:~/pyspark-learning-2$ git add test_org_02_ult_survr_data.py


steve@ubuntu:~/pyspark-learning-2$ git commit -m "initial version"
[master (root-commit) 48f3057] initial version
 4 files changed, 296 insertions(+)
 create mode 100644 test_org_01_parse_cmt.py
 create mode 100644 test_org_01_parse_cmt_data.csv
 create mode 100644 test_org_02_ult_survr.py
 create mode 100644 test_org_02_ult_survr_data.csv


steve@ubuntu:~/pyspark-learning-2$ git remote add origin https://github.com/sborch/pyspark-learning-2.git


steve@ubuntu:~/pyspark-learning-2$ git push -u origin master
Username for 'https://github.com': sborch
Password for 'https://sborch@github.com': 
Counting objects: 6, done.
Compressing objects: 100% (5/5), done.
Writing objects: 100% (6/6), 2.75 KiB | 0 bytes/s, done.
Total 6 (delta 1), reused 0 (delta 0)
remote: Resolving deltas: 100% (1/1), done.
To https://github.com/sborch/pyspark-learning-2.git
 * [new branch]      master -> master
Branch master set up to track remote branch master from origin.


steve@ubuntu:~$ git clone https://github.com/sborch/pyspark-learning-2.git
Cloning into 'pyspark-learning-2'...
remote: Counting objects: 6, done.
remote: Compressing objects: 100% (4/4), done.
remote: Total 6 (delta 1), reused 6 (delta 1), pack-reused 0
Unpacking objects: 100% (6/6), done.
Checking connectivity... done.


steve@ubuntu:~$ cd pyspark-learning-2


steve@ubuntu:~/pyspark-learning-2$ git status
On branch master
Your branch is up-to-date with 'origin/master'.
nothing to commit, working directory clean
steve@ubuntu:~/pyspark-learning-2$ 
